// Jest Snapshot v1, https://jestjs.io/docs/snapshot-testing

exports[`Testing al cliente Es Juan Pablo 1`] = `
{
  "balace": 500,
  "nombre": "Juan",
  "tipo": "Premium",
}
`;
